Component: ARM Compiler 5.05 update 1 (build 106) Tool: armlink [4d0efa]

==============================================================================

Section Cross References

    main.o(.text) refers to stm32f10x_rcc.o(.text) for RCC_APB2PeriphClockCmd
    main.o(.text) refers to stm32f10x_gpio.o(.text) for GPIO_Init
    main.o(.text) refers to stm32f10x_dac.o(.text) for DAC_Init
    main.o(.text) refers to stm32f10x_tim.o(.text) for TIM_TimeBaseInit
    main.o(.text) refers to main.o(.data) for AxisPulsePin
    main.o(.text) refers to usart3.o(.bss) for Sys
    main.o(.text) refers to main.o(.bss) for position
    main.o(.text) refers to usart3.o(.text) for SysModeClr
    main.o(.text) refers to misc.o(.text) for NVIC_PriorityGroupConfig
    main.o(.text) refers to stm32f10x_exti.o(.text) for EXTI_Init
    main.o(.text) refers to stmflash.o(.text) for ReadSYSFromFlash
    main.o(.text) refers to stm32f10x_usart.o(.text) for USART_SendData
    main.o(.text) refers to usart3.o(.data) for Flag_NewCmd
    main.o(.text) refers to system_stm32f10x.o(.constdata) for SystemFrequency_SysClk
    usart3.o(.text) refers to misc.o(.text) for NVIC_PriorityGroupConfig
    usart3.o(.text) refers to stm32f10x_rcc.o(.text) for RCC_AHBPeriphClockCmd
    usart3.o(.text) refers to stm32f10x_dma.o(.text) for DMA_DeInit
    usart3.o(.text) refers to stm32f10x_usart.o(.text) for USART_DMACmd
    usart3.o(.text) refers to memcpya.o(.text) for __aeabi_memcpy
    usart3.o(.text) refers to usart3.o(.bss) for ABuffer3
    usart3.o(.text) refers to usart3.o(.data) for FlagUrt3_Busy
    usart3.o(.text) refers to main.o(.data) for ZeroOffset
    stmflash.o(.text) refers to stm32f10x_flash.o(.text) for FLASH_ProgramHalfWord
    stmflash.o(.text) refers to memcpya.o(.text) for __aeabi_memcpy
    stmflash.o(.text) refers to stmflash.o(.bss) for STMFLASH_BUF
    stmflash.o(.text) refers to stmflash.o(.constdata) for auchCRCHi
    stmflash.o(.text) refers to usart3.o(.bss) for Set
    stm32f10x_usart.o(.text) refers to stm32f10x_rcc.o(.text) for RCC_APB2PeriphResetCmd
    stm32f10x_gpio.o(.text) refers to stm32f10x_rcc.o(.text) for RCC_APB2PeriphResetCmd
    stm32f10x_rcc.o(.text) refers to stm32f10x_rcc.o(.data) for APBAHBPrescTable
    stm32f10x_spi.o(.text) refers to stm32f10x_rcc.o(.text) for RCC_APB2PeriphResetCmd
    stm32f10x_tim.o(.text) refers to stm32f10x_rcc.o(.text) for RCC_APB2PeriphResetCmd
    stm32f10x_can.o(.text) refers to stm32f10x_rcc.o(.text) for RCC_APB1PeriphResetCmd
    stm32f10x_dac.o(.text) refers to stm32f10x_rcc.o(.text) for RCC_APB1PeriphResetCmd
    startup_stm32f10x_hd.o(RESET) refers to startup_stm32f10x_hd.o(.text) for Reset_Handler
    startup_stm32f10x_hd.o(RESET) refers to stm32f10x_it.o(.text) for NMI_Handler
    startup_stm32f10x_hd.o(RESET) refers to main.o(.text) for EXTI3_IRQHandler
    startup_stm32f10x_hd.o(.text) refers to startup_stm32f10x_hd.o(STACK) for __initial_sp
    startup_stm32f10x_hd.o(.text) refers to entry.o(.ARM.Collect$$$$00000000) for __main
    entry.o(.ARM.Collect$$$$00000000) refers (Special) to entry10a.o(.ARM.Collect$$$$0000000D) for __rt_final_cpp
    entry.o(.ARM.Collect$$$$00000000) refers (Special) to entry11a.o(.ARM.Collect$$$$0000000F) for __rt_final_exit
    entry.o(.ARM.Collect$$$$00000000) refers (Special) to entry7b.o(.ARM.Collect$$$$00000008) for _main_clock
    entry.o(.ARM.Collect$$$$00000000) refers (Special) to entry8b.o(.ARM.Collect$$$$0000000A) for _main_cpp_init
    entry.o(.ARM.Collect$$$$00000000) refers (Special) to entry9a.o(.ARM.Collect$$$$0000000B) for _main_init
    entry.o(.ARM.Collect$$$$00000000) refers (Special) to entry5.o(.ARM.Collect$$$$00000004) for _main_scatterload
    entry.o(.ARM.Collect$$$$00000000) refers (Special) to entry2.o(.ARM.Collect$$$$00000001) for _main_stk
    entry2.o(.ARM.Collect$$$$00000001) refers to entry2.o(.ARM.Collect$$$$00002712) for __lit__00000000
    entry2.o(.ARM.Collect$$$$00002712) refers to startup_stm32f10x_hd.o(STACK) for __initial_sp
    entry2.o(__vectab_stack_and_reset_area) refers to startup_stm32f10x_hd.o(STACK) for __initial_sp
    entry2.o(__vectab_stack_and_reset_area) refers to entry.o(.ARM.Collect$$$$00000000) for __main
    entry5.o(.ARM.Collect$$$$00000004) refers to init.o(.text) for __scatterload
    entry9a.o(.ARM.Collect$$$$0000000B) refers to main.o(.text) for main
    entry9b.o(.ARM.Collect$$$$0000000C) refers to main.o(.text) for main
    init.o(.text) refers to entry5.o(.ARM.Collect$$$$00000004) for __main_after_scatterload


==============================================================================

Removing Unused input sections from the image.

    Removing stm32f10x_crc.o(.text), (72 bytes).
    Removing stm32f10x_dbgmcu.o(.text), (48 bytes).
    Removing stm32f10x_spi.o(.text), (768 bytes).
    Removing stm32f10x_can.o(.text), (1944 bytes).
    Removing system_stm32f10x.o(.text), (312 bytes).
    Removing core_cm3.o(.emb_text), (32 bytes).
    Removing startup_stm32f10x_hd.o(HEAP), (0 bytes).

7 unused section(s) (total 3176 bytes) removed from the image.

==============================================================================

Image Symbol Table

    Local Symbols

    Symbol Name                              Value     Ov Type        Size  Object(Section)

    ../clib/../cmprslib/zerorunl2.c          0x00000000   Number         0  __dczerorl2.o ABSOLUTE
    ../clib/microlib/init/entry.s            0x00000000   Number         0  entry5.o ABSOLUTE
    ../clib/microlib/init/entry.s            0x00000000   Number         0  entry2.o ABSOLUTE
    ../clib/microlib/init/entry.s            0x00000000   Number         0  entry.o ABSOLUTE
    ../clib/microlib/init/entry.s            0x00000000   Number         0  entry10b.o ABSOLUTE
    ../clib/microlib/init/entry.s            0x00000000   Number         0  entry11b.o ABSOLUTE
    ../clib/microlib/init/entry.s            0x00000000   Number         0  entry11a.o ABSOLUTE
    ../clib/microlib/init/entry.s            0x00000000   Number         0  entry10a.o ABSOLUTE
    ../clib/microlib/init/entry.s            0x00000000   Number         0  entry9b.o ABSOLUTE
    ../clib/microlib/init/entry.s            0x00000000   Number         0  entry9a.o ABSOLUTE
    ../clib/microlib/init/entry.s            0x00000000   Number         0  entry8b.o ABSOLUTE
    ../clib/microlib/init/entry.s            0x00000000   Number         0  entry8a.o ABSOLUTE
    ../clib/microlib/init/entry.s            0x00000000   Number         0  entry7b.o ABSOLUTE
    ../clib/microlib/init/entry.s            0x00000000   Number         0  entry7a.o ABSOLUTE
    ../clib/microlib/string/memcpy.c         0x00000000   Number         0  memcpyb.o ABSOLUTE
    ../clib/microlib/string/memcpy.c         0x00000000   Number         0  memcpya.o ABSOLUTE
    ..\CM3\core_cm3.c                        0x00000000   Number         0  core_cm3.o ABSOLUTE
    ..\CM3\startup\arm\startup_stm32f10x_hd.s 0x00000000   Number         0  startup_stm32f10x_hd.o ABSOLUTE
    ..\CM3\system_stm32f10x.c                0x00000000   Number         0  system_stm32f10x.o ABSOLUTE
    ..\STM32F10x_StdPeriph_Driver\src\misc.c 0x00000000   Number         0  misc.o ABSOLUTE
    ..\STM32F10x_StdPeriph_Driver\src\stm32f10x_can.c 0x00000000   Number         0  stm32f10x_can.o ABSOLUTE
    ..\STM32F10x_StdPeriph_Driver\src\stm32f10x_crc.c 0x00000000   Number         0  stm32f10x_crc.o ABSOLUTE
    ..\STM32F10x_StdPeriph_Driver\src\stm32f10x_dac.c 0x00000000   Number         0  stm32f10x_dac.o ABSOLUTE
    ..\STM32F10x_StdPeriph_Driver\src\stm32f10x_dbgmcu.c 0x00000000   Number         0  stm32f10x_dbgmcu.o ABSOLUTE
    ..\STM32F10x_StdPeriph_Driver\src\stm32f10x_dma.c 0x00000000   Number         0  stm32f10x_dma.o ABSOLUTE
    ..\STM32F10x_StdPeriph_Driver\src\stm32f10x_exti.c 0x00000000   Number         0  stm32f10x_exti.o ABSOLUTE
    ..\STM32F10x_StdPeriph_Driver\src\stm32f10x_flash.c 0x00000000   Number         0  stm32f10x_flash.o ABSOLUTE
    ..\STM32F10x_StdPeriph_Driver\src\stm32f10x_gpio.c 0x00000000   Number         0  stm32f10x_gpio.o ABSOLUTE
    ..\STM32F10x_StdPeriph_Driver\src\stm32f10x_rcc.c 0x00000000   Number         0  stm32f10x_rcc.o ABSOLUTE
    ..\STM32F10x_StdPeriph_Driver\src\stm32f10x_spi.c 0x00000000   Number         0  stm32f10x_spi.o ABSOLUTE
    ..\STM32F10x_StdPeriph_Driver\src\stm32f10x_tim.c 0x00000000   Number         0  stm32f10x_tim.o ABSOLUTE
    ..\STM32F10x_StdPeriph_Driver\src\stm32f10x_usart.c 0x00000000   Number         0  stm32f10x_usart.o ABSOLUTE
    ..\User\main.c                           0x00000000   Number         0  main.o ABSOLUTE
    ..\User\stm32f10x_it.c                   0x00000000   Number         0  stm32f10x_it.o ABSOLUTE
    ..\User\stmflash.c                       0x00000000   Number         0  stmflash.o ABSOLUTE
    ..\User\usart3.c                         0x00000000   Number         0  usart3.o ABSOLUTE
    ..\\CM3\\core_cm3.c                      0x00000000   Number         0  core_cm3.o ABSOLUTE
    dc.s                                     0x00000000   Number         0  dc.o ABSOLUTE
    handlers.s                               0x00000000   Number         0  handlers.o ABSOLUTE
    init.s                                   0x00000000   Number         0  init.o ABSOLUTE
    RESET                                    0x08000000   Section      304  startup_stm32f10x_hd.o(RESET)
    .ARM.Collect$$$$00000000                 0x08000130   Section        0  entry.o(.ARM.Collect$$$$00000000)
    .ARM.Collect$$$$00000001                 0x08000130   Section        4  entry2.o(.ARM.Collect$$$$00000001)
    .ARM.Collect$$$$00000004                 0x08000134   Section        4  entry5.o(.ARM.Collect$$$$00000004)
    .ARM.Collect$$$$00000008                 0x08000138   Section        0  entry7b.o(.ARM.Collect$$$$00000008)
    .ARM.Collect$$$$0000000A                 0x08000138   Section        0  entry8b.o(.ARM.Collect$$$$0000000A)
    .ARM.Collect$$$$0000000B                 0x08000138   Section        8  entry9a.o(.ARM.Collect$$$$0000000B)
    .ARM.Collect$$$$0000000D                 0x08000140   Section        0  entry10a.o(.ARM.Collect$$$$0000000D)
    .ARM.Collect$$$$0000000F                 0x08000140   Section        0  entry11a.o(.ARM.Collect$$$$0000000F)
    .ARM.Collect$$$$00002712                 0x08000140   Section        4  entry2.o(.ARM.Collect$$$$00002712)
    __lit__00000000                          0x08000140   Data           4  entry2.o(.ARM.Collect$$$$00002712)
    .text                                    0x08000144   Section        0  main.o(.text)
    .text                                    0x08002698   Section        0  stm32f10x_it.o(.text)
    .text                                    0x080026b4   Section        0  usart3.o(.text)
    .text                                    0x08002ff4   Section        0  stmflash.o(.text)
    .text                                    0x08003268   Section        0  misc.o(.text)
    .text                                    0x08003344   Section        0  stm32f10x_usart.o(.text)
    .text                                    0x080036b4   Section        0  stm32f10x_exti.o(.text)
    .text                                    0x080037f4   Section        0  stm32f10x_flash.o(.text)
    delay                                    0x0800387d   Thumb Code    26  stm32f10x_flash.o(.text)
    .text                                    0x08003d20   Section        0  stm32f10x_gpio.o(.text)
    .text                                    0x08004050   Section        0  stm32f10x_rcc.o(.text)
    .text                                    0x080043f0   Section        0  stm32f10x_tim.o(.text)
    TI4_Config                               0x0800470f   Thumb Code    82  stm32f10x_tim.o(.text)
    TI3_Config                               0x08004773   Thumb Code    72  stm32f10x_tim.o(.text)
    TI2_Config                               0x080047e5   Thumb Code    80  stm32f10x_tim.o(.text)
    TI1_Config                               0x08004847   Thumb Code    56  stm32f10x_tim.o(.text)
    .text                                    0x08004fb8   Section        0  stm32f10x_dac.o(.text)
    .text                                    0x08005114   Section        0  stm32f10x_dma.o(.text)
    .text                                    0x08005354   Section       48  startup_stm32f10x_hd.o(.text)
    .text                                    0x08005384   Section        0  memcpya.o(.text)
    .text                                    0x080053a8   Section       36  init.o(.text)
    .text                                    0x080053cc   Section        0  __dczerorl2.o(.text)
    i.__scatterload_copy                     0x08005422   Section       14  handlers.o(i.__scatterload_copy)
    i.__scatterload_null                     0x08005430   Section        2  handlers.o(i.__scatterload_null)
    i.__scatterload_zeroinit                 0x08005432   Section       14  handlers.o(i.__scatterload_zeroinit)
    .constdata                               0x08005440   Section      536  stmflash.o(.constdata)
    .constdata                               0x08005658   Section       20  system_stm32f10x.o(.constdata)
    .data                                    0x20000000   Section      305  main.o(.data)
    step_count                               0x20000114   Data           4  main.o(.data)
    i                                        0x20000118   Data           1  main.o(.data)
    step_count                               0x2000011c   Data           4  main.o(.data)
    i                                        0x20000120   Data           1  main.o(.data)
    step_count                               0x20000124   Data           4  main.o(.data)
    i                                        0x20000128   Data           1  main.o(.data)
    step_count                               0x2000012c   Data           4  main.o(.data)
    i                                        0x20000130   Data           1  main.o(.data)
    .data                                    0x20000132   Section        8  usart3.o(.data)
    .data                                    0x2000013a   Section       20  stm32f10x_rcc.o(.data)
    APBAHBPrescTable                         0x2000013a   Data          16  stm32f10x_rcc.o(.data)
    ADCPrescTable                            0x2000014a   Data           4  stm32f10x_rcc.o(.data)
    .bss                                     0x20000150   Section      164  main.o(.bss)
    .bss                                     0x200001f4   Section     2041  usart3.o(.bss)
    .bss                                     0x200009ee   Section     1024  stmflash.o(.bss)
    STACK                                    0x20000df0   Section      512  startup_stm32f10x_hd.o(STACK)

    Global Symbols

    Symbol Name                              Value     Ov Type        Size  Object(Section)

    BuildAttributes$$THM_ISAv4$P$D$K$B$S$PE$A:L22UL41UL21$X:L11$S22US41US21$IEEE1$IW$USESV6$~STKCKD$USESV7$~SHL$OSPACE$EBA8$MICROLIB$REQ8$PRES8$EABIv2 0x00000000   Number         0  anon$$obj.o ABSOLUTE
    __ARM_use_no_argv                        0x00000000   Number         0  main.o ABSOLUTE
    __cpp_initialize__aeabi_                  - Undefined Weak Reference
    __cxa_finalize                            - Undefined Weak Reference
    _clock_init                               - Undefined Weak Reference
    _microlib_exit                            - Undefined Weak Reference
    __Vectors_Size                           0x00000130   Number         0  startup_stm32f10x_hd.o ABSOLUTE
    __Vectors                                0x08000000   Data           4  startup_stm32f10x_hd.o(RESET)
    __Vectors_End                            0x08000130   Data           0  startup_stm32f10x_hd.o(RESET)
    __main                                   0x08000131   Thumb Code     0  entry.o(.ARM.Collect$$$$00000000)
    _main_stk                                0x08000131   Thumb Code     0  entry2.o(.ARM.Collect$$$$00000001)
    _main_scatterload                        0x08000135   Thumb Code     0  entry5.o(.ARM.Collect$$$$00000004)
    __main_after_scatterload                 0x08000139   Thumb Code     0  entry5.o(.ARM.Collect$$$$00000004)
    _main_clock                              0x08000139   Thumb Code     0  entry7b.o(.ARM.Collect$$$$00000008)
    _main_cpp_init                           0x08000139   Thumb Code     0  entry8b.o(.ARM.Collect$$$$0000000A)
    _main_init                               0x08000139   Thumb Code     0  entry9a.o(.ARM.Collect$$$$0000000B)
    __rt_final_cpp                           0x08000141   Thumb Code     0  entry10a.o(.ARM.Collect$$$$0000000D)
    __rt_final_exit                          0x08000141   Thumb Code     0  entry11a.o(.ARM.Collect$$$$0000000F)
    DAC1_Configure                           0x08000145   Thumb Code    82  main.o(.text)
    DAC2_Configure                           0x08000197   Thumb Code    84  main.o(.text)
    TIM8_PWM_Init                            0x080001eb   Thumb Code   190  main.o(.text)
    IREF_out2                                0x080002a9   Thumb Code    42  main.o(.text)
    IREF_out1                                0x080002d3   Thumb Code    42  main.o(.text)
    IREF_out3                                0x080002fd   Thumb Code    40  main.o(.text)
    IREF_out4                                0x08000325   Thumb Code    40  main.o(.text)
    Parm_init                                0x0800034d   Thumb Code   312  main.o(.text)
    AxisMoveRel                              0x08000485   Thumb Code  1550  main.o(.text)
    AxisMoveAbs                              0x08000a93   Thumb Code    46  main.o(.text)
    MotoCmdWork                              0x08000ac1   Thumb Code   852  main.o(.text)
    check_key                                0x08000e15   Thumb Code   142  main.o(.text)
    TestMove                                 0x08000ea3   Thumb Code   248  main.o(.text)
    AxisHome                                 0x08000f9b   Thumb Code   686  main.o(.text)
    LimitDetect                              0x08001249   Thumb Code   144  main.o(.text)
    NVIC_Configuration                       0x080012d9   Thumb Code   110  main.o(.text)
    EXTILine_Config                          0x08001347   Thumb Code   152  main.o(.text)
    TIM5_Int_Init                            0x080013df   Thumb Code    90  main.o(.text)
    TIM4_Int_Init                            0x08001439   Thumb Code   100  main.o(.text)
    TIM3_Int_Init                            0x0800149d   Thumb Code    98  main.o(.text)
    TIM2_Int_Init                            0x080014ff   Thumb Code   102  main.o(.text)
    GPIO_Configuration                       0x08001565   Thumb Code   410  main.o(.text)
    main                                     0x080016ff   Thumb Code   398  main.o(.text)
    fputc                                    0x0800188d   Thumb Code    32  main.o(.text)
    Timer_Init                               0x080018ad   Thumb Code   282  main.o(.text)
    TIM2_IRQHandler                          0x080019c7   Thumb Code   736  main.o(.text)
    TIM3_IRQHandler                          0x08001ca7   Thumb Code   680  main.o(.text)
    TIM4_IRQHandler                          0x08001f4f   Thumb Code   686  main.o(.text)
    TIM5_IRQHandler                          0x080021fd   Thumb Code   732  main.o(.text)
    EXTI4_IRQHandler                         0x080024d9   Thumb Code    56  main.o(.text)
    EXTI3_IRQHandler                         0x08002511   Thumb Code    56  main.o(.text)
    EXTI9_5_IRQHandler                       0x08002549   Thumb Code   144  main.o(.text)
    EXTI15_10_IRQHandler                     0x080025d9   Thumb Code   132  main.o(.text)
    USART3_IRQHandler                        0x0800265d   Thumb Code     8  main.o(.text)
    DMA1_Channel2_IRQHandler                 0x08002665   Thumb Code     8  main.o(.text)
    NMI_Handler                              0x08002699   Thumb Code     2  stm32f10x_it.o(.text)
    HardFault_Handler                        0x0800269b   Thumb Code     4  stm32f10x_it.o(.text)
    MemManage_Handler                        0x0800269f   Thumb Code     4  stm32f10x_it.o(.text)
    BusFault_Handler                         0x080026a3   Thumb Code     4  stm32f10x_it.o(.text)
    UsageFault_Handler                       0x080026a7   Thumb Code     4  stm32f10x_it.o(.text)
    SVC_Handler                              0x080026ab   Thumb Code     2  stm32f10x_it.o(.text)
    DebugMon_Handler                         0x080026ad   Thumb Code     2  stm32f10x_it.o(.text)
    PendSV_Handler                           0x080026af   Thumb Code     2  stm32f10x_it.o(.text)
    SysTick_Handler                          0x080026b1   Thumb Code     2  stm32f10x_it.o(.text)
    MB_CRC16_calculate                       0x080026b5   Thumb Code    62  usart3.o(.text)
    htons                                    0x080026f3   Thumb Code    12  usart3.o(.text)
    Usart3NVIC_Configuration                 0x080026ff   Thumb Code    42  usart3.o(.text)
    Usart3DmaNVIC_Config                     0x08002729   Thumb Code    38  usart3.o(.text)
    DMA_Configuration3                       0x0800274f   Thumb Code   114  usart3.o(.text)
    USART3_Config                            0x080027c1   Thumb Code    86  usart3.o(.text)
    USART3_SEND_BUFF                         0x08002817   Thumb Code   108  usart3.o(.text)
    USART3_DMAHANDLER_Eago                   0x08002883   Thumb Code    42  usart3.o(.text)
    Modebus_DataSend                         0x080028ad   Thumb Code    54  usart3.o(.text)
    Modebus_Answer                           0x080028e3   Thumb Code    12  usart3.o(.text)
    Modebus_MulAnswer                        0x080028ef   Thumb Code    42  usart3.o(.text)
    SysModeClr                               0x08002919   Thumb Code    44  usart3.o(.text)
    DataToReg                                0x08002945   Thumb Code   426  usart3.o(.text)
    RegToData                                0x08002aef   Thumb Code   314  usart3.o(.text)
    USART3_INIT                              0x08002c29   Thumb Code    82  usart3.o(.text)
    RxMdbus_Data3                            0x08002c7b   Thumb Code   700  usart3.o(.text)
    USART3_Rx_IRQHandler                     0x08002f37   Thumb Code   180  usart3.o(.text)
    STMFLASH_ReadHalfWord                    0x08002ff5   Thumb Code     6  stmflash.o(.text)
    STMFLASH_Write_NoCheck                   0x08002ffb   Thumb Code    38  stmflash.o(.text)
    STMFLASH_Read                            0x08003021   Thumb Code    34  stmflash.o(.text)
    STMFLASH_Write                           0x08003043   Thumb Code   222  stmflash.o(.text)
    CRC16                                    0x08003121   Thumb Code    50  stmflash.o(.text)
    Test_Write                               0x08003153   Thumb Code    16  stmflash.o(.text)
    CopyMemory16                             0x08003163   Thumb Code    28  stmflash.o(.text)
    FitMemory                                0x0800317f   Thumb Code    48  stmflash.o(.text)
    default_parm                             0x080031af   Thumb Code    12  stmflash.o(.text)
    WriteSYSToFlash                          0x080031bb   Thumb Code    74  stmflash.o(.text)
    ReadSYSFromFlash                         0x08003205   Thumb Code    74  stmflash.o(.text)
    NVIC_PriorityGroupConfig                 0x08003269   Thumb Code    10  misc.o(.text)
    NVIC_Init                                0x08003273   Thumb Code   100  misc.o(.text)
    NVIC_SetVectorTable                      0x080032d7   Thumb Code    14  misc.o(.text)
    NVIC_SystemLPConfig                      0x080032e5   Thumb Code    34  misc.o(.text)
    SysTick_CLKSourceConfig                  0x08003307   Thumb Code    40  misc.o(.text)
    USART_DeInit                             0x08003345   Thumb Code   146  stm32f10x_usart.o(.text)
    USART_Init                               0x080033d7   Thumb Code   150  stm32f10x_usart.o(.text)
    USART_StructInit                         0x0800346d   Thumb Code    24  stm32f10x_usart.o(.text)
    USART_ClockInit                          0x08003485   Thumb Code    34  stm32f10x_usart.o(.text)
    USART_ClockStructInit                    0x080034a7   Thumb Code    12  stm32f10x_usart.o(.text)
    USART_Cmd                                0x080034b3   Thumb Code    24  stm32f10x_usart.o(.text)
    USART_ITConfig                           0x080034cb   Thumb Code    64  stm32f10x_usart.o(.text)
    USART_DMACmd                             0x0800350b   Thumb Code    18  stm32f10x_usart.o(.text)
    USART_SetAddress                         0x0800351d   Thumb Code    18  stm32f10x_usart.o(.text)
    USART_WakeUpConfig                       0x0800352f   Thumb Code    18  stm32f10x_usart.o(.text)
    USART_ReceiverWakeUpCmd                  0x08003541   Thumb Code    24  stm32f10x_usart.o(.text)
    USART_LINBreakDetectLengthConfig         0x08003559   Thumb Code    18  stm32f10x_usart.o(.text)
    USART_LINCmd                             0x0800356b   Thumb Code    24  stm32f10x_usart.o(.text)
    USART_SendData                           0x08003583   Thumb Code     8  stm32f10x_usart.o(.text)
    USART_ReceiveData                        0x0800358b   Thumb Code    10  stm32f10x_usart.o(.text)
    USART_SendBreak                          0x08003595   Thumb Code    10  stm32f10x_usart.o(.text)
    USART_SetGuardTime                       0x0800359f   Thumb Code    16  stm32f10x_usart.o(.text)
    USART_SetPrescaler                       0x080035af   Thumb Code    16  stm32f10x_usart.o(.text)
    USART_SmartCardCmd                       0x080035bf   Thumb Code    24  stm32f10x_usart.o(.text)
    USART_SmartCardNACKCmd                   0x080035d7   Thumb Code    24  stm32f10x_usart.o(.text)
    USART_HalfDuplexCmd                      0x080035ef   Thumb Code    24  stm32f10x_usart.o(.text)
    USART_IrDAConfig                         0x08003607   Thumb Code    18  stm32f10x_usart.o(.text)
    USART_IrDACmd                            0x08003619   Thumb Code    24  stm32f10x_usart.o(.text)
    USART_GetFlagStatus                      0x08003631   Thumb Code    18  stm32f10x_usart.o(.text)
    USART_ClearFlag                          0x08003643   Thumb Code     6  stm32f10x_usart.o(.text)
    USART_GetITStatus                        0x08003649   Thumb Code    76  stm32f10x_usart.o(.text)
    USART_ClearITPendingBit                  0x08003695   Thumb Code    20  stm32f10x_usart.o(.text)
    EXTI_DeInit                              0x080036b5   Thumb Code    28  stm32f10x_exti.o(.text)
    EXTI_Init                                0x080036d1   Thumb Code   174  stm32f10x_exti.o(.text)
    EXTI_StructInit                          0x0800377f   Thumb Code    16  stm32f10x_exti.o(.text)
    EXTI_GenerateSWInterrupt                 0x0800378f   Thumb Code    16  stm32f10x_exti.o(.text)
    EXTI_GetFlagStatus                       0x0800379f   Thumb Code    22  stm32f10x_exti.o(.text)
    EXTI_ClearFlag                           0x080037b5   Thumb Code     8  stm32f10x_exti.o(.text)
    EXTI_GetITStatus                         0x080037bd   Thumb Code    34  stm32f10x_exti.o(.text)
    EXTI_ClearITPendingBit                   0x080037df   Thumb Code     8  stm32f10x_exti.o(.text)
    FLASH_SetLatency                         0x080037f5   Thumb Code    18  stm32f10x_flash.o(.text)
    FLASH_HalfCycleAccessCmd                 0x08003807   Thumb Code    22  stm32f10x_flash.o(.text)
    FLASH_PrefetchBufferCmd                  0x0800381d   Thumb Code    22  stm32f10x_flash.o(.text)
    FLASH_Unlock                             0x08003833   Thumb Code    12  stm32f10x_flash.o(.text)
    FLASH_Lock                               0x0800383f   Thumb Code    14  stm32f10x_flash.o(.text)
    FLASH_GetStatus                          0x0800384d   Thumb Code    48  stm32f10x_flash.o(.text)
    FLASH_WaitForLastOperation               0x08003897   Thumb Code    42  stm32f10x_flash.o(.text)
    FLASH_ErasePage                          0x080038c1   Thumb Code    76  stm32f10x_flash.o(.text)
    FLASH_EraseAllPages                      0x0800390d   Thumb Code    72  stm32f10x_flash.o(.text)
    FLASH_EraseOptionBytes                   0x08003955   Thumb Code   142  stm32f10x_flash.o(.text)
    FLASH_ProgramWord                        0x080039e3   Thumb Code   100  stm32f10x_flash.o(.text)
    FLASH_ProgramHalfWord                    0x08003a47   Thumb Code    64  stm32f10x_flash.o(.text)
    FLASH_ProgramOptionByteData              0x08003a87   Thumb Code    72  stm32f10x_flash.o(.text)
    FLASH_EnableWriteProtection              0x08003acf   Thumb Code   182  stm32f10x_flash.o(.text)
    FLASH_ReadOutProtection                  0x08003b85   Thumb Code   174  stm32f10x_flash.o(.text)
    FLASH_UserOptionByteConfig               0x08003c33   Thumb Code    94  stm32f10x_flash.o(.text)
    FLASH_GetUserOptionByte                  0x08003c91   Thumb Code     8  stm32f10x_flash.o(.text)
    FLASH_GetWriteProtectionOptionByte       0x08003c99   Thumb Code     6  stm32f10x_flash.o(.text)
    FLASH_GetReadOutProtectionStatus         0x08003c9f   Thumb Code    20  stm32f10x_flash.o(.text)
    FLASH_GetPrefetchBufferStatus            0x08003cb3   Thumb Code    20  stm32f10x_flash.o(.text)
    FLASH_ITConfig                           0x08003cc7   Thumb Code    26  stm32f10x_flash.o(.text)
    FLASH_GetFlagStatus                      0x08003ce1   Thumb Code    42  stm32f10x_flash.o(.text)
    FLASH_ClearFlag                          0x08003d0b   Thumb Code     6  stm32f10x_flash.o(.text)
    GPIO_DeInit                              0x08003d21   Thumb Code   188  stm32f10x_gpio.o(.text)
    GPIO_AFIODeInit                          0x08003ddd   Thumb Code    20  stm32f10x_gpio.o(.text)
    GPIO_Init                                0x08003df1   Thumb Code   278  stm32f10x_gpio.o(.text)
    GPIO_StructInit                          0x08003f07   Thumb Code    16  stm32f10x_gpio.o(.text)
    GPIO_ReadInputDataBit                    0x08003f17   Thumb Code    18  stm32f10x_gpio.o(.text)
    GPIO_ReadInputData                       0x08003f29   Thumb Code     8  stm32f10x_gpio.o(.text)
    GPIO_ReadOutputDataBit                   0x08003f31   Thumb Code    18  stm32f10x_gpio.o(.text)
    GPIO_ReadOutputData                      0x08003f43   Thumb Code     8  stm32f10x_gpio.o(.text)
    GPIO_SetBits                             0x08003f4b   Thumb Code     4  stm32f10x_gpio.o(.text)
    GPIO_ResetBits                           0x08003f4f   Thumb Code     4  stm32f10x_gpio.o(.text)
    GPIO_WriteBit                            0x08003f53   Thumb Code    10  stm32f10x_gpio.o(.text)
    GPIO_Write                               0x08003f5d   Thumb Code     4  stm32f10x_gpio.o(.text)
    GPIO_PinLockConfig                       0x08003f61   Thumb Code    18  stm32f10x_gpio.o(.text)
    GPIO_EventOutputConfig                   0x08003f73   Thumb Code    26  stm32f10x_gpio.o(.text)
    GPIO_EventOutputCmd                      0x08003f8d   Thumb Code     6  stm32f10x_gpio.o(.text)
    GPIO_PinRemapConfig                      0x08003f93   Thumb Code   106  stm32f10x_gpio.o(.text)
    GPIO_EXTILineConfig                      0x08003ffd   Thumb Code    66  stm32f10x_gpio.o(.text)
    RCC_DeInit                               0x08004051   Thumb Code    62  stm32f10x_rcc.o(.text)
    RCC_HSEConfig                            0x0800408f   Thumb Code    70  stm32f10x_rcc.o(.text)
    RCC_GetFlagStatus                        0x080040d5   Thumb Code    56  stm32f10x_rcc.o(.text)
    RCC_WaitForHSEStartUp                    0x0800410d   Thumb Code    54  stm32f10x_rcc.o(.text)
    RCC_AdjustHSICalibrationValue            0x08004143   Thumb Code    20  stm32f10x_rcc.o(.text)
    RCC_HSICmd                               0x08004157   Thumb Code     6  stm32f10x_rcc.o(.text)
    RCC_PLLConfig                            0x0800415d   Thumb Code    24  stm32f10x_rcc.o(.text)
    RCC_PLLCmd                               0x08004175   Thumb Code     6  stm32f10x_rcc.o(.text)
    RCC_SYSCLKConfig                         0x0800417b   Thumb Code    18  stm32f10x_rcc.o(.text)
    RCC_GetSYSCLKSource                      0x0800418d   Thumb Code    10  stm32f10x_rcc.o(.text)
    RCC_HCLKConfig                           0x08004197   Thumb Code    18  stm32f10x_rcc.o(.text)
    RCC_PCLK1Config                          0x080041a9   Thumb Code    18  stm32f10x_rcc.o(.text)
    RCC_PCLK2Config                          0x080041bb   Thumb Code    20  stm32f10x_rcc.o(.text)
    RCC_ITConfig                             0x080041cf   Thumb Code    26  stm32f10x_rcc.o(.text)
    RCC_USBCLKConfig                         0x080041e9   Thumb Code     8  stm32f10x_rcc.o(.text)
    RCC_ADCCLKConfig                         0x080041f1   Thumb Code    18  stm32f10x_rcc.o(.text)
    RCC_LSEConfig                            0x08004203   Thumb Code    50  stm32f10x_rcc.o(.text)
    RCC_LSICmd                               0x08004235   Thumb Code     6  stm32f10x_rcc.o(.text)
    RCC_RTCCLKConfig                         0x0800423b   Thumb Code    12  stm32f10x_rcc.o(.text)
    RCC_RTCCLKCmd                            0x08004247   Thumb Code     8  stm32f10x_rcc.o(.text)
    RCC_GetClocksFreq                        0x0800424f   Thumb Code   192  stm32f10x_rcc.o(.text)
    RCC_AHBPeriphClockCmd                    0x0800430f   Thumb Code    26  stm32f10x_rcc.o(.text)
    RCC_APB2PeriphClockCmd                   0x08004329   Thumb Code    26  stm32f10x_rcc.o(.text)
    RCC_APB1PeriphClockCmd                   0x08004343   Thumb Code    26  stm32f10x_rcc.o(.text)
    RCC_APB2PeriphResetCmd                   0x0800435d   Thumb Code    26  stm32f10x_rcc.o(.text)
    RCC_APB1PeriphResetCmd                   0x08004377   Thumb Code    26  stm32f10x_rcc.o(.text)
    RCC_BackupResetCmd                       0x08004391   Thumb Code     8  stm32f10x_rcc.o(.text)
    RCC_ClockSecuritySystemCmd               0x08004399   Thumb Code     6  stm32f10x_rcc.o(.text)
    RCC_MCOConfig                            0x0800439f   Thumb Code     6  stm32f10x_rcc.o(.text)
    RCC_ClearFlag                            0x080043a5   Thumb Code    14  stm32f10x_rcc.o(.text)
    RCC_GetITStatus                          0x080043b3   Thumb Code    20  stm32f10x_rcc.o(.text)
    RCC_ClearITPendingBit                    0x080043c7   Thumb Code     6  stm32f10x_rcc.o(.text)
    TIM_DeInit                               0x080043f1   Thumb Code   214  stm32f10x_tim.o(.text)
    TIM_TimeBaseInit                         0x080044c7   Thumb Code    50  stm32f10x_tim.o(.text)
    TIM_OC1Init                              0x080044f9   Thumb Code   110  stm32f10x_tim.o(.text)
    TIM_OC2Init                              0x08004567   Thumb Code   148  stm32f10x_tim.o(.text)
    TIM_OC3Init                              0x080045fb   Thumb Code   144  stm32f10x_tim.o(.text)
    TIM_OC4Init                              0x0800468b   Thumb Code   106  stm32f10x_tim.o(.text)
    TIM_SetIC4Prescaler                      0x080046f5   Thumb Code    26  stm32f10x_tim.o(.text)
    TIM_SetIC3Prescaler                      0x08004761   Thumb Code    18  stm32f10x_tim.o(.text)
    TIM_SetIC2Prescaler                      0x080047bb   Thumb Code    42  stm32f10x_tim.o(.text)
    TIM_SetIC1Prescaler                      0x08004835   Thumb Code    18  stm32f10x_tim.o(.text)
    TIM_ICInit                               0x0800487f   Thumb Code   110  stm32f10x_tim.o(.text)
    TIM_PWMIConfig                           0x080048ed   Thumb Code   124  stm32f10x_tim.o(.text)
    TIM_BDTRConfig                           0x08004969   Thumb Code    32  stm32f10x_tim.o(.text)
    TIM_TimeBaseStructInit                   0x08004989   Thumb Code    18  stm32f10x_tim.o(.text)
    TIM_OCStructInit                         0x0800499b   Thumb Code    20  stm32f10x_tim.o(.text)
    TIM_ICStructInit                         0x080049af   Thumb Code    18  stm32f10x_tim.o(.text)
    TIM_BDTRStructInit                       0x080049c1   Thumb Code    18  stm32f10x_tim.o(.text)
    TIM_Cmd                                  0x080049d3   Thumb Code    24  stm32f10x_tim.o(.text)
    TIM_CtrlPWMOutputs                       0x080049eb   Thumb Code    30  stm32f10x_tim.o(.text)
    TIM_ITConfig                             0x08004a09   Thumb Code    18  stm32f10x_tim.o(.text)
    TIM_GenerateEvent                        0x08004a1b   Thumb Code     4  stm32f10x_tim.o(.text)
    TIM_DMAConfig                            0x08004a1f   Thumb Code    10  stm32f10x_tim.o(.text)
    TIM_DMACmd                               0x08004a29   Thumb Code    18  stm32f10x_tim.o(.text)
    TIM_InternalClockConfig                  0x08004a3b   Thumb Code    12  stm32f10x_tim.o(.text)
    TIM_SelectInputTrigger                   0x08004a47   Thumb Code    18  stm32f10x_tim.o(.text)
    TIM_ITRxExternalClockConfig              0x08004a59   Thumb Code    24  stm32f10x_tim.o(.text)
    TIM_TIxExternalClockConfig               0x08004a71   Thumb Code    62  stm32f10x_tim.o(.text)
    TIM_ETRConfig                            0x08004aaf   Thumb Code    30  stm32f10x_tim.o(.text)
    TIM_ETRClockMode1Config                  0x08004acd   Thumb Code    54  stm32f10x_tim.o(.text)
    TIM_ETRClockMode2Config                  0x08004b03   Thumb Code    32  stm32f10x_tim.o(.text)
    TIM_PrescalerConfig                      0x08004b23   Thumb Code     6  stm32f10x_tim.o(.text)
    TIM_CounterModeConfig                    0x08004b29   Thumb Code    18  stm32f10x_tim.o(.text)
    TIM_EncoderInterfaceConfig               0x08004b3b   Thumb Code    66  stm32f10x_tim.o(.text)
    TIM_ForcedOC1Config                      0x08004b7d   Thumb Code    18  stm32f10x_tim.o(.text)
    TIM_ForcedOC2Config                      0x08004b8f   Thumb Code    26  stm32f10x_tim.o(.text)
    TIM_ForcedOC3Config                      0x08004ba9   Thumb Code    18  stm32f10x_tim.o(.text)
    TIM_ForcedOC4Config                      0x08004bbb   Thumb Code    26  stm32f10x_tim.o(.text)
    TIM_ARRPreloadConfig                     0x08004bd5   Thumb Code    24  stm32f10x_tim.o(.text)
    TIM_SelectCOM                            0x08004bed   Thumb Code    24  stm32f10x_tim.o(.text)
    TIM_SelectCCDMA                          0x08004c05   Thumb Code    24  stm32f10x_tim.o(.text)
    TIM_CCPreloadControl                     0x08004c1d   Thumb Code    24  stm32f10x_tim.o(.text)
    TIM_OC1PreloadConfig                     0x08004c35   Thumb Code    18  stm32f10x_tim.o(.text)
    TIM_OC2PreloadConfig                     0x08004c47   Thumb Code    26  stm32f10x_tim.o(.text)
    TIM_OC3PreloadConfig                     0x08004c61   Thumb Code    18  stm32f10x_tim.o(.text)
    TIM_OC4PreloadConfig                     0x08004c73   Thumb Code    26  stm32f10x_tim.o(.text)
    TIM_OC1FastConfig                        0x08004c8d   Thumb Code    18  stm32f10x_tim.o(.text)
    TIM_OC2FastConfig                        0x08004c9f   Thumb Code    26  stm32f10x_tim.o(.text)
    TIM_OC3FastConfig                        0x08004cb9   Thumb Code    18  stm32f10x_tim.o(.text)
    TIM_OC4FastConfig                        0x08004ccb   Thumb Code    26  stm32f10x_tim.o(.text)
    TIM_ClearOC1Ref                          0x08004ce5   Thumb Code    18  stm32f10x_tim.o(.text)
    TIM_ClearOC2Ref                          0x08004cf7   Thumb Code    24  stm32f10x_tim.o(.text)
    TIM_ClearOC3Ref                          0x08004d0f   Thumb Code    18  stm32f10x_tim.o(.text)
    TIM_ClearOC4Ref                          0x08004d21   Thumb Code    24  stm32f10x_tim.o(.text)
    TIM_OC1PolarityConfig                    0x08004d39   Thumb Code    18  stm32f10x_tim.o(.text)
    TIM_OC1NPolarityConfig                   0x08004d4b   Thumb Code    18  stm32f10x_tim.o(.text)
    TIM_OC2PolarityConfig                    0x08004d5d   Thumb Code    26  stm32f10x_tim.o(.text)
    TIM_OC2NPolarityConfig                   0x08004d77   Thumb Code    26  stm32f10x_tim.o(.text)
    TIM_OC3PolarityConfig                    0x08004d91   Thumb Code    26  stm32f10x_tim.o(.text)
    TIM_OC3NPolarityConfig                   0x08004dab   Thumb Code    26  stm32f10x_tim.o(.text)
    TIM_OC4PolarityConfig                    0x08004dc5   Thumb Code    26  stm32f10x_tim.o(.text)
    TIM_CCxCmd                               0x08004ddf   Thumb Code    26  stm32f10x_tim.o(.text)
    TIM_CCxNCmd                              0x08004df9   Thumb Code    26  stm32f10x_tim.o(.text)
    TIM_SelectOCxM                           0x08004e13   Thumb Code   134  stm32f10x_tim.o(.text)
    TIM_UpdateDisableConfig                  0x08004e99   Thumb Code    24  stm32f10x_tim.o(.text)
    TIM_UpdateRequestConfig                  0x08004eb1   Thumb Code    24  stm32f10x_tim.o(.text)
    TIM_SelectHallSensor                     0x08004ec9   Thumb Code    24  stm32f10x_tim.o(.text)
    TIM_SelectOnePulseMode                   0x08004ee1   Thumb Code    18  stm32f10x_tim.o(.text)
    TIM_SelectOutputTrigger                  0x08004ef3   Thumb Code    18  stm32f10x_tim.o(.text)
    TIM_SelectSlaveMode                      0x08004f05   Thumb Code    18  stm32f10x_tim.o(.text)
    TIM_SelectMasterSlaveMode                0x08004f17   Thumb Code    18  stm32f10x_tim.o(.text)
    TIM_SetCounter                           0x08004f29   Thumb Code     4  stm32f10x_tim.o(.text)
    TIM_SetAutoreload                        0x08004f2d   Thumb Code     4  stm32f10x_tim.o(.text)
    TIM_SetCompare1                          0x08004f31   Thumb Code     4  stm32f10x_tim.o(.text)
    TIM_SetCompare2                          0x08004f35   Thumb Code     4  stm32f10x_tim.o(.text)
    TIM_SetCompare3                          0x08004f39   Thumb Code     4  stm32f10x_tim.o(.text)
    TIM_SetCompare4                          0x08004f3d   Thumb Code     6  stm32f10x_tim.o(.text)
    TIM_SetClockDivision                     0x08004f43   Thumb Code    14  stm32f10x_tim.o(.text)
    TIM_GetCapture1                          0x08004f51   Thumb Code     6  stm32f10x_tim.o(.text)
    TIM_GetCapture2                          0x08004f57   Thumb Code     6  stm32f10x_tim.o(.text)
    TIM_GetCapture3                          0x08004f5d   Thumb Code     6  stm32f10x_tim.o(.text)
    TIM_GetCapture4                          0x08004f63   Thumb Code     8  stm32f10x_tim.o(.text)
    TIM_GetCounter                           0x08004f6b   Thumb Code     6  stm32f10x_tim.o(.text)
    TIM_GetPrescaler                         0x08004f71   Thumb Code     6  stm32f10x_tim.o(.text)
    TIM_GetFlagStatus                        0x08004f77   Thumb Code    18  stm32f10x_tim.o(.text)
    TIM_ClearFlag                            0x08004f89   Thumb Code     6  stm32f10x_tim.o(.text)
    TIM_GetITStatus                          0x08004f8f   Thumb Code    34  stm32f10x_tim.o(.text)
    TIM_ClearITPendingBit                    0x08004fb1   Thumb Code     6  stm32f10x_tim.o(.text)
    DAC_DeInit                               0x08004fb9   Thumb Code    22  stm32f10x_dac.o(.text)
    DAC_Init                                 0x08004fcf   Thumb Code    46  stm32f10x_dac.o(.text)
    DAC_StructInit                           0x08004ffd   Thumb Code    12  stm32f10x_dac.o(.text)
    DAC_Cmd                                  0x08005009   Thumb Code    34  stm32f10x_dac.o(.text)
    DAC_DMACmd                               0x0800502b   Thumb Code    38  stm32f10x_dac.o(.text)
    DAC_SoftwareTriggerCmd                   0x08005051   Thumb Code    48  stm32f10x_dac.o(.text)
    DAC_DualSoftwareTriggerCmd               0x08005081   Thumb Code    38  stm32f10x_dac.o(.text)
    DAC_WaveGenerationCmd                    0x080050a7   Thumb Code    36  stm32f10x_dac.o(.text)
    DAC_SetChannel1Data                      0x080050cb   Thumb Code    10  stm32f10x_dac.o(.text)
    DAC_SetChannel2Data                      0x080050d5   Thumb Code    10  stm32f10x_dac.o(.text)
    DAC_SetDualChannelData                   0x080050df   Thumb Code    28  stm32f10x_dac.o(.text)
    DAC_GetDataOutputValue                   0x080050fb   Thumb Code    16  stm32f10x_dac.o(.text)
    DMA_DeInit                               0x08005115   Thumb Code   306  stm32f10x_dma.o(.text)
    DMA_Init                                 0x08005247   Thumb Code    60  stm32f10x_dma.o(.text)
    DMA_StructInit                           0x08005283   Thumb Code    26  stm32f10x_dma.o(.text)
    DMA_Cmd                                  0x0800529d   Thumb Code    22  stm32f10x_dma.o(.text)
    DMA_ITConfig                             0x080052b3   Thumb Code    18  stm32f10x_dma.o(.text)
    DMA_GetCurrDataCounter                   0x080052c5   Thumb Code     8  stm32f10x_dma.o(.text)
    DMA_GetFlagStatus                        0x080052cd   Thumb Code    40  stm32f10x_dma.o(.text)
    DMA_ClearFlag                            0x080052f5   Thumb Code    20  stm32f10x_dma.o(.text)
    DMA_GetITStatus                          0x08005309   Thumb Code    40  stm32f10x_dma.o(.text)
    DMA_ClearITPendingBit                    0x08005331   Thumb Code    20  stm32f10x_dma.o(.text)
    SystemInit_ExtMemCtl                     0x08005355   Thumb Code     2  startup_stm32f10x_hd.o(.text)
    Reset_Handler                            0x08005357   Thumb Code    14  startup_stm32f10x_hd.o(.text)
    ADC1_2_IRQHandler                        0x08005377   Thumb Code     0  startup_stm32f10x_hd.o(.text)
    ADC3_IRQHandler                          0x08005377   Thumb Code     0  startup_stm32f10x_hd.o(.text)
    CAN1_RX1_IRQHandler                      0x08005377   Thumb Code     0  startup_stm32f10x_hd.o(.text)
    CAN1_SCE_IRQHandler                      0x08005377   Thumb Code     0  startup_stm32f10x_hd.o(.text)
    DMA1_Channel1_IRQHandler                 0x08005377   Thumb Code     0  startup_stm32f10x_hd.o(.text)
    DMA1_Channel3_IRQHandler                 0x08005377   Thumb Code     0  startup_stm32f10x_hd.o(.text)
    DMA1_Channel4_IRQHandler                 0x08005377   Thumb Code     0  startup_stm32f10x_hd.o(.text)
    DMA1_Channel5_IRQHandler                 0x08005377   Thumb Code     0  startup_stm32f10x_hd.o(.text)
    DMA1_Channel6_IRQHandler                 0x08005377   Thumb Code     0  startup_stm32f10x_hd.o(.text)
    DMA1_Channel7_IRQHandler                 0x08005377   Thumb Code     0  startup_stm32f10x_hd.o(.text)
    DMA2_Channel1_IRQHandler                 0x08005377   Thumb Code     0  startup_stm32f10x_hd.o(.text)
    DMA2_Channel2_IRQHandler                 0x08005377   Thumb Code     0  startup_stm32f10x_hd.o(.text)
    DMA2_Channel3_IRQHandler                 0x08005377   Thumb Code     0  startup_stm32f10x_hd.o(.text)
    DMA2_Channel4_5_IRQHandler               0x08005377   Thumb Code     0  startup_stm32f10x_hd.o(.text)
    EXTI0_IRQHandler                         0x08005377   Thumb Code     0  startup_stm32f10x_hd.o(.text)
    EXTI1_IRQHandler                         0x08005377   Thumb Code     0  startup_stm32f10x_hd.o(.text)
    EXTI2_IRQHandler                         0x08005377   Thumb Code     0  startup_stm32f10x_hd.o(.text)
    FLASH_IRQHandler                         0x08005377   Thumb Code     0  startup_stm32f10x_hd.o(.text)
    FSMC_IRQHandler                          0x08005377   Thumb Code     0  startup_stm32f10x_hd.o(.text)
    I2C1_ER_IRQHandler                       0x08005377   Thumb Code     0  startup_stm32f10x_hd.o(.text)
    I2C1_EV_IRQHandler                       0x08005377   Thumb Code     0  startup_stm32f10x_hd.o(.text)
    I2C2_ER_IRQHandler                       0x08005377   Thumb Code     0  startup_stm32f10x_hd.o(.text)
    I2C2_EV_IRQHandler                       0x08005377   Thumb Code     0  startup_stm32f10x_hd.o(.text)
    PVD_IRQHandler                           0x08005377   Thumb Code     0  startup_stm32f10x_hd.o(.text)
    RCC_IRQHandler                           0x08005377   Thumb Code     0  startup_stm32f10x_hd.o(.text)
    RTCAlarm_IRQHandler                      0x08005377   Thumb Code     0  startup_stm32f10x_hd.o(.text)
    RTC_IRQHandler                           0x08005377   Thumb Code     0  startup_stm32f10x_hd.o(.text)
    SDIO_IRQHandler                          0x08005377   Thumb Code     0  startup_stm32f10x_hd.o(.text)
    SPI1_IRQHandler                          0x08005377   Thumb Code     0  startup_stm32f10x_hd.o(.text)
    SPI2_IRQHandler                          0x08005377   Thumb Code     0  startup_stm32f10x_hd.o(.text)
    SPI3_IRQHandler                          0x08005377   Thumb Code     0  startup_stm32f10x_hd.o(.text)
    TAMPER_IRQHandler                        0x08005377   Thumb Code     0  startup_stm32f10x_hd.o(.text)
    TIM1_BRK_IRQHandler                      0x08005377   Thumb Code     0  startup_stm32f10x_hd.o(.text)
    TIM1_CC_IRQHandler                       0x08005377   Thumb Code     0  startup_stm32f10x_hd.o(.text)
    TIM1_TRG_COM_IRQHandler                  0x08005377   Thumb Code     0  startup_stm32f10x_hd.o(.text)
    TIM1_UP_IRQHandler                       0x08005377   Thumb Code     0  startup_stm32f10x_hd.o(.text)
    TIM6_IRQHandler                          0x08005377   Thumb Code     0  startup_stm32f10x_hd.o(.text)
    TIM7_IRQHandler                          0x08005377   Thumb Code     0  startup_stm32f10x_hd.o(.text)
    TIM8_BRK_IRQHandler                      0x08005377   Thumb Code     0  startup_stm32f10x_hd.o(.text)
    TIM8_CC_IRQHandler                       0x08005377   Thumb Code     0  startup_stm32f10x_hd.o(.text)
    TIM8_TRG_COM_IRQHandler                  0x08005377   Thumb Code     0  startup_stm32f10x_hd.o(.text)
    TIM8_UP_IRQHandler                       0x08005377   Thumb Code     0  startup_stm32f10x_hd.o(.text)
    UART4_IRQHandler                         0x08005377   Thumb Code     0  startup_stm32f10x_hd.o(.text)
    UART5_IRQHandler                         0x08005377   Thumb Code     0  startup_stm32f10x_hd.o(.text)
    USART1_IRQHandler                        0x08005377   Thumb Code     0  startup_stm32f10x_hd.o(.text)
    USART2_IRQHandler                        0x08005377   Thumb Code     0  startup_stm32f10x_hd.o(.text)
    USBWakeUp_IRQHandler                     0x08005377   Thumb Code     0  startup_stm32f10x_hd.o(.text)
    USB_HP_CAN1_TX_IRQHandler                0x08005377   Thumb Code     0  startup_stm32f10x_hd.o(.text)
    USB_LP_CAN1_RX0_IRQHandler               0x08005377   Thumb Code     0  startup_stm32f10x_hd.o(.text)
    WWDG_IRQHandler                          0x08005377   Thumb Code     0  startup_stm32f10x_hd.o(.text)
    __aeabi_memcpy                           0x08005385   Thumb Code    36  memcpya.o(.text)
    __aeabi_memcpy4                          0x08005385   Thumb Code     0  memcpya.o(.text)
    __aeabi_memcpy8                          0x08005385   Thumb Code     0  memcpya.o(.text)
    __scatterload                            0x080053a9   Thumb Code    28  init.o(.text)
    __scatterload_rt2                        0x080053a9   Thumb Code     0  init.o(.text)
    __decompress                             0x080053cd   Thumb Code     0  __dczerorl2.o(.text)
    __decompress1                            0x080053cd   Thumb Code    86  __dczerorl2.o(.text)
    __scatterload_copy                       0x08005423   Thumb Code    14  handlers.o(i.__scatterload_copy)
    __scatterload_null                       0x08005431   Thumb Code     2  handlers.o(i.__scatterload_null)
    __scatterload_zeroinit                   0x08005433   Thumb Code    14  handlers.o(i.__scatterload_zeroinit)
    FlashAddr                                0x08005440   Data          24  stmflash.o(.constdata)
    auchCRCHi                                0x08005458   Data         256  stmflash.o(.constdata)
    auchCRCLo                                0x08005558   Data         256  stmflash.o(.constdata)
    SystemFrequency                          0x08005658   Data           4  system_stm32f10x.o(.constdata)
    SystemFrequency_SysClk                   0x0800565c   Data           4  system_stm32f10x.o(.constdata)
    SystemFrequency_AHBClk                   0x08005660   Data           4  system_stm32f10x.o(.constdata)
    SystemFrequency_APB1Clk                  0x08005664   Data           4  system_stm32f10x.o(.constdata)
    SystemFrequency_APB2Clk                  0x08005668   Data           4  system_stm32f10x.o(.constdata)
    Region$$Table$$Base                      0x0800566c   Number         0  anon$$obj.o(Region$$Table)
    Region$$Table$$Limit                     0x0800568c   Number         0  anon$$obj.o(Region$$Table)
    Maxstep                                  0x20000000   Data          16  main.o(.data)
    ZeroOffset                               0x20000010   Data           8  main.o(.data)
    TestStep                                 0x20000018   Data          16  main.o(.data)
    AxisPulsePin                             0x20000028   Data           8  main.o(.data)
    AxisDirPin                               0x20000030   Data           8  main.o(.data)
    AxisEnPin                                0x20000038   Data           8  main.o(.data)
    LmtPosPin                                0x20000040   Data           8  main.o(.data)
    LmtNegPin                                0x20000048   Data           8  main.o(.data)
    HomePin                                  0x20000050   Data           8  main.o(.data)
    AxisLmtPosPort                           0x20000058   Data          16  main.o(.data)
    AxisLmtNegPort                           0x20000068   Data          16  main.o(.data)
    AxisPulsePort                            0x20000078   Data          16  main.o(.data)
    AxisDirPort                              0x20000088   Data          16  main.o(.data)
    AxisEnPort                               0x20000098   Data          16  main.o(.data)
    HomePort                                 0x200000a8   Data          16  main.o(.data)
    AxisEXTILine                             0x200000b8   Data          16  main.o(.data)
    AxisEXTIPinSource                        0x200000c8   Data           4  main.o(.data)
    bLmtPos                                  0x200000cc   Data           4  main.o(.data)
    bLmtNeg                                  0x200000d0   Data           4  main.o(.data)
    bStopCmd                                 0x200000d4   Data           4  main.o(.data)
    bEmgStopping                             0x200000d8   Data           4  main.o(.data)
    bEnableSoftLmt                           0x200000dc   Data           4  main.o(.data)
    B_EncDir                                 0x200000e0   Data           4  main.o(.data)
    bHomeOK                                  0x200000e4   Data           4  main.o(.data)
    bZeroCapture                             0x200000e8   Data           4  main.o(.data)
    ZeroStep                                 0x200000ec   Data           4  main.o(.data)
    TestStat                                 0x200000f0   Data           4  main.o(.data)
    EncoStat                                 0x200000f4   Data           4  main.o(.data)
    OldClk                                   0x200000f8   Data           4  main.o(.data)
    OldDat                                   0x200000fc   Data           4  main.o(.data)
    PwmCnt1                                  0x20000100   Data           2  main.o(.data)
    MotionStatus                             0x20000102   Data           4  main.o(.data)
    bDataOK                                  0x20000106   Data           1  main.o(.data)
    EXTI_InitStructure                       0x20000108   Data           8  main.o(.data)
    RxCounter                                0x20000110   Data           1  main.o(.data)
    FlagUrt3_Busy                            0x20000132   Data           1  usart3.o(.data)
    Flag_Save                                0x20000133   Data           1  usart3.o(.data)
    Flag_NewCmd                              0x20000134   Data           1  usart3.o(.data)
    Flag_RxOk                                0x20000135   Data           1  usart3.o(.data)
    fre485_time3                             0x20000136   Data           1  usart3.o(.data)
    DATA_LEN                                 0x20000138   Data           2  usart3.o(.data)
    position                                 0x20000150   Data          16  main.o(.bss)
    HomePos                                  0x20000160   Data          16  main.o(.bss)
    srd                                      0x20000170   Data          88  main.o(.bss)
    encoder_cnt                              0x200001c8   Data          16  main.o(.bss)
    USART_InitStructure                      0x200001d8   Data          16  main.o(.bss)
    RxBuffer                                 0x200001e8   Data          12  main.o(.bss)
    MbTxData3                                0x200001f4   Data         131  usart3.o(.bss)
    MbRxData3                                0x20000277   Data         256  usart3.o(.bss)
    Sys                                      0x20000377   Data         104  usart3.o(.bss)
    Reg                                      0x200003df   Data         512  usart3.o(.bss)
    Set                                      0x200005df   Data          14  usart3.o(.bss)
    ABuffer3                                 0x200005ed   Data        1024  usart3.o(.bss)
    STMFLASH_BUF                             0x200009ee   Data        1024  stmflash.o(.bss)
    __initial_sp                             0x20000ff0   Data           0  startup_stm32f10x_hd.o(STACK)



==============================================================================

Memory Map of the image

  Image Entry point : 0x08000131

  Load Region LR_IROM1 (Base: 0x08000000, Size: 0x000057dc, Max: 0x00040000, ABSOLUTE, COMPRESSED[0x00005708])

    Execution Region ER_IROM1 (Base: 0x08000000, Size: 0x0000568c, Max: 0x00040000, ABSOLUTE)

    Base Addr    Size         Type   Attr      Idx    E Section Name        Object

    0x08000000   0x00000130   Data   RO          335    RESET               startup_stm32f10x_hd.o
    0x08000130   0x00000000   Code   RO          340  * .ARM.Collect$$$$00000000  mc_w.l(entry.o)
    0x08000130   0x00000004   Code   RO          347    .ARM.Collect$$$$00000001  mc_w.l(entry2.o)
    0x08000134   0x00000004   Code   RO          350    .ARM.Collect$$$$00000004  mc_w.l(entry5.o)
    0x08000138   0x00000000   Code   RO          352    .ARM.Collect$$$$00000008  mc_w.l(entry7b.o)
    0x08000138   0x00000000   Code   RO          354    .ARM.Collect$$$$0000000A  mc_w.l(entry8b.o)
    0x08000138   0x00000008   Code   RO          355    .ARM.Collect$$$$0000000B  mc_w.l(entry9a.o)
    0x08000140   0x00000000   Code   RO          357    .ARM.Collect$$$$0000000D  mc_w.l(entry10a.o)
    0x08000140   0x00000000   Code   RO          359    .ARM.Collect$$$$0000000F  mc_w.l(entry11a.o)
    0x08000140   0x00000004   Code   RO          348    .ARM.Collect$$$$00002712  mc_w.l(entry2.o)
    0x08000144   0x00002554   Code   RO            1    .text               main.o
    0x08002698   0x0000001a   Code   RO           76    .text               stm32f10x_it.o
    0x080026b2   0x00000002   PAD
    0x080026b4   0x00000940   Code   RO           91    .text               usart3.o
    0x08002ff4   0x00000274   Code   RO          118    .text               stmflash.o
    0x08003268   0x000000dc   Code   RO          134    .text               misc.o
    0x08003344   0x00000370   Code   RO          146    .text               stm32f10x_usart.o
    0x080036b4   0x00000140   Code   RO          188    .text               stm32f10x_exti.o
    0x080037f4   0x0000052c   Code   RO          200    .text               stm32f10x_flash.o
    0x08003d20   0x00000330   Code   RO          212    .text               stm32f10x_gpio.o
    0x08004050   0x000003a0   Code   RO          224    .text               stm32f10x_rcc.o
    0x080043f0   0x00000bc6   Code   RO          253    .text               stm32f10x_tim.o
    0x08004fb6   0x00000002   PAD
    0x08004fb8   0x0000015c   Code   RO          280    .text               stm32f10x_dac.o
    0x08005114   0x00000240   Code   RO          292    .text               stm32f10x_dma.o
    0x08005354   0x00000030   Code   RO          336    .text               startup_stm32f10x_hd.o
    0x08005384   0x00000024   Code   RO          343    .text               mc_w.l(memcpya.o)
    0x080053a8   0x00000024   Code   RO          361    .text               mc_w.l(init.o)
    0x080053cc   0x00000056   Code   RO          371    .text               mc_w.l(__dczerorl2.o)
    0x08005422   0x0000000e   Code   RO          365    i.__scatterload_copy  mc_w.l(handlers.o)
    0x08005430   0x00000002   Code   RO          366    i.__scatterload_null  mc_w.l(handlers.o)
    0x08005432   0x0000000e   Code   RO          367    i.__scatterload_zeroinit  mc_w.l(handlers.o)
    0x08005440   0x00000218   Data   RO          120    .constdata          stmflash.o
    0x08005658   0x00000014   Data   RO          305    .constdata          system_stm32f10x.o
    0x0800566c   0x00000020   Data   RO          363    Region$$Table       anon$$obj.o


    Execution Region RW_IRAM1 (Base: 0x20000000, Size: 0x00000ff0, Max: 0x0000c000, ABSOLUTE, COMPRESSED[0x0000007c])

    Base Addr    Size         Type   Attr      Idx    E Section Name        Object

    0x20000000   0x00000131   Data   RW            3    .data               main.o
    0x20000131   0x00000001   PAD
    0x20000132   0x00000008   Data   RW           93    .data               usart3.o
    0x2000013a   0x00000014   Data   RW          225    .data               stm32f10x_rcc.o
    0x2000014e   0x00000002   PAD
    0x20000150   0x000000a4   Zero   RW            2    .bss                main.o
    0x200001f4   0x000007f9   Zero   RW           92    .bss                usart3.o
    0x200009ed   0x00000001   PAD
    0x200009ee   0x00000400   Zero   RW          119    .bss                stmflash.o
    0x20000dee   0x00000002   PAD
    0x20000df0   0x00000200   Zero   RW          333    STACK               startup_stm32f10x_hd.o


==============================================================================

Image component sizes


      Code (inc. data)   RO Data    RW Data    ZI Data      Debug   Object Name

         0          0          0          0          0         32   core_cm3.o
      9556        604          0        305        164     283724   main.o
       220         22          0          0          0       2041   misc.o
        48         12        304          0        512        920   startup_stm32f10x_hd.o
       348         10          0          0          0       3834   stm32f10x_dac.o
       576         16          0          0          0       3755   stm32f10x_dma.o
       320         14          0          0          0       2427   stm32f10x_exti.o
      1324         34          0          0          0       7382   stm32f10x_flash.o
       816         18          0          0          0       5403   stm32f10x_gpio.o
        26          0          0          0          0       1298   stm32f10x_it.o
       928         36          0         20          0       9156   stm32f10x_rcc.o
      3014         16          0          0          0      24112   stm32f10x_tim.o
       880         12          0          0          0       8023   stm32f10x_usart.o
       628         26        536          0       1024       4619   stmflash.o
         0          0         20          0          0       1004   system_stm32f10x.o
      2368         98          0          8       2041      18012   usart3.o

    ----------------------------------------------------------------------
     21056        918        892        336       3744     375742   Object Totals
         0          0         32          0          0          0   (incl. Generated)
         4          0          0          3          3          0   (incl. Padding)

    ----------------------------------------------------------------------

      Code (inc. data)   RO Data    RW Data    ZI Data      Debug   Library Member Name

        86          0          0          0          0          0   __dczerorl2.o
         0          0          0          0          0          0   entry.o
         0          0          0          0          0          0   entry10a.o
         0          0          0          0          0          0   entry11a.o
         8          4          0          0          0          0   entry2.o
         4          0          0          0          0          0   entry5.o
         0          0          0          0          0          0   entry7b.o
         0          0          0          0          0          0   entry8b.o
         8          4          0          0          0          0   entry9a.o
        30          0          0          0          0          0   handlers.o
        36          8          0          0          0         68   init.o
        36          0          0          0          0         68   memcpya.o

    ----------------------------------------------------------------------
       208         16          0          0          0        136   Library Totals
         0          0          0          0          0          0   (incl. Padding)

    ----------------------------------------------------------------------

      Code (inc. data)   RO Data    RW Data    ZI Data      Debug   Library Name

       208         16          0          0          0        136   mc_w.l

    ----------------------------------------------------------------------
       208         16          0          0          0        136   Library Totals

    ----------------------------------------------------------------------

==============================================================================


      Code (inc. data)   RO Data    RW Data    ZI Data      Debug   

     21264        934        892        336       3744     374602   Grand Totals
     21264        934        892        124       3744     374602   ELF Image Totals (compressed)
     21264        934        892        124          0          0   ROM Totals

==============================================================================

    Total RO  Size (Code + RO Data)                22156 (  21.64kB)
    Total RW  Size (RW Data + ZI Data)              4080 (   3.98kB)
    Total ROM Size (Code + RO Data + RW Data)      22280 (  21.76kB)

==============================================================================

